// Jest Snapshot v1, https://goo.gl/fbAQLP

exports[`<Header /> should match snapshot 1`] = `
<div>
  <header
    class="bg-green-700 shadow-lg"
  >
    <nav
      aria-label="Global"
      class="mx-auto flex max-w-7xl items-center justify-between  p-2 lg:px-14"
    >
      <div
        class="flex lg:flex-1"
      >
        <a
          class="-m-1.5 p-1.5"
          href="#home"
        >
          <span
            class="sr-only"
          >
            RoboCin
          </span>
          <img
            alt=""
            class="h-14 w-auto hover:opacity-90"
            src="logoW.png"
          />
        </a>
      </div>
      <div
        class="flex lg:hidden"
      >
        <button
          class="-m-2.5 inline-flex items-center justify-center rounded-md p-2.5 text-white"
          type="button"
        >
          <span
            class="sr-only"
          >
            Open main menu
          </span>
          <svg
            aria-hidden="true"
            class="h-6 w-6"
            fill="none"
            stroke="currentColor"
            stroke-width="1.5"
            viewBox="0 0 24 24"
            xmlns="http://www.w3.org/2000/svg"
          >
            <path
              d="M3.75 6.75h16.5M3.75 12h16.5m-16.5 5.25h16.5"
              stroke-linecap="round"
              stroke-linejoin="round"
            />
          </svg>
        </button>
      </div>
      <div
        class="hidden lg:flex lg:gap-x-12"
      >
        <a
          class="headerSubtitle"
          href="#"
        >
          Sobre
        </a>
        <a
          class="headerSubtitle"
          href="#"
        >
          Not√≠cias
        </a>
        <a
          class="headerSubtitle"
          href="#"
        >
          Seletiva
        </a>
        <a
          class="headerSubtitle"
          href="#"
        >
          Categorias
        </a>
        <div
          class="hidden lg:flex lg:gap-x-12"
        >
          <div
            class="relative"
            data-headlessui-state=""
          >
            <button
              aria-expanded="false"
              class="headerSubtitle outline-none"
              data-headlessui-state=""
              id="headlessui-popover-button-:r0:"
              type="button"
            >
              Ver mais
              <svg
                aria-hidden="true"
                class="h-5 w-5 flex-none text-white"
                fill="currentColor"
                viewBox="0 0 20 20"
                xmlns="http://www.w3.org/2000/svg"
              >
                <path
                  clip-rule="evenodd"
                  d="M5.23 7.21a.75.75 0 011.06.02L10 11.168l3.71-3.938a.75.75 0 111.08 1.04l-4.25 4.5a.75.75 0 01-1.08 0l-4.25-4.5a.75.75 0 01.02-1.06z"
                  fill-rule="evenodd"
                />
              </svg>
            </button>
          </div>
        </div>
      </div>
    </nav>
    <div
      style="position: fixed; top: 1px; left: 1px; width: 1px; height: 0px; padding: 0px; margin: -1px; overflow: hidden; clip: rect(0px, 0px, 0px, 0px); white-space: nowrap; border-width: 0px; display: none;"
    />
  </header>
</div>
`;
