// Jest Snapshot v1, https://goo.gl/fbAQLP

exports[`<Categories /> should match snapshot 1`] = `
<div>
  <section
    class="px-5 pt-1.5 pb-10 bg-gray-100 md:h-screen"
  >
    <h1
      class="title titleMain"
    >
      Categorias
    </h1>
    <h2
      class="subtitle subtitleMain"
    >
      Nos dividimos em sub-equipes que cooperam para administrar e desenvolver várias categorias diferentes.
    </h2>
    <div
      class="flex flex-col md:flex-row justify-around"
    >
      <div
        class="awssld h-96 w-32 m-auto md:mx-5 mb-7 mt-5"
      >
        <div
          class="awssld__wrapper"
        >
          <div
            class="awssld__container"
          >
            <div
              class="awssld__box awssld--active"
            >
              <div
                class="awssld__content"
              >
                <div
                  class="p-2 m-2 absolute flex flex-col justify-center items-center"
                >
                  <svg
                    aria-hidden="true"
                    class="h-16 w-16 text-green-600 mx-auto m-2"
                    fill="currentColor"
                    height="1em"
                    stroke="currentColor"
                    stroke-width="0"
                    viewBox="0 0 640 512"
                    width="1em"
                    xmlns="http://www.w3.org/2000/svg"
                  >
                    <path
                      d="M32,224H64V416H32A31.96166,31.96166,0,0,1,0,384V256A31.96166,31.96166,0,0,1,32,224Zm512-48V448a64.06328,64.06328,0,0,1-64,64H160a64.06328,64.06328,0,0,1-64-64V176a79.974,79.974,0,0,1,80-80H288V32a32,32,0,0,1,64,0V96H464A79.974,79.974,0,0,1,544,176ZM264,256a40,40,0,1,0-40,40A39.997,39.997,0,0,0,264,256Zm-8,128H192v32h64Zm96,0H288v32h64ZM456,256a40,40,0,1,0-40,40A39.997,39.997,0,0,0,456,256Zm-8,128H384v32h64ZM640,256V384a31.96166,31.96166,0,0,1-32,32H576V224h32A31.96166,31.96166,0,0,1,640,256Z"
                    />
                  </svg>
                  <h2
                    class="text-center text-green-600 m-1.5 uppercase"
                  >
                    Small Size League
                  </h2>
                  <h4
                    class="text-center text-green-100 p-2 pt-1"
                  >
                    ROBOCUP | LARC
                  </h4>
                  <p
                    class="text-sm max-w-xs pt-1.5 text-justify text-center text-gray-400"
                  >
                    Uma competição que requer o desenvolvimento de várias áreas, como, o modelo mecânico, os sistemas eletrônicos e de comunicação e a inteligência artifical dos robôs. A partida ocorre entre 2 equipes de 6 robôs cada.
                  </p>
                </div>
              </div>
            </div>
            <div
              class="awssld__box"
            />
          </div>
          <div
            class="awssld__controls awssld__controls--hidden"
          >
            <button
              aria-label="next"
              class="awssld__next"
            />
            <button
              aria-label="previous"
              class="awssld__prev"
            />
          </div>
        </div>
        <nav
          class="awssld__bullets"
        >
          <button
            class="awssld__bullets--active"
            data-index="0"
          >
            0
          </button>
          <button
            data-index="1"
          >
            1
          </button>
        </nav>
      </div>
      <div
        class="awssld h-96 w-32 m-auto md:mx-5 mb-7 mt-5"
      >
        <div
          class="awssld__wrapper"
        >
          <div
            class="awssld__container"
          >
            <div
              class="awssld__box awssld--active"
            >
              <div
                class="awssld__content"
              >
                <div
                  class="p-2 m-2 absolute flex flex-col justify-center items-center"
                >
                  <svg
                    aria-hidden="true"
                    class="h-16 w-16 text-green-600 mx-auto m-2"
                    fill="currentColor"
                    height="1em"
                    stroke="currentColor"
                    stroke-width="0"
                    viewBox="0 0 512 512"
                    width="1em"
                    xmlns="http://www.w3.org/2000/svg"
                  >
                    <path
                      d="M416 320h-96c-17.6 0-32-14.4-32-32s14.4-32 32-32h96s96-107 96-160-43-96-96-96-96 43-96 96c0 25.5 22.2 63.4 45.3 96H320c-52.9 0-96 43.1-96 96s43.1 96 96 96h96c17.6 0 32 14.4 32 32s-14.4 32-32 32H185.5c-16 24.8-33.8 47.7-47.3 64H416c52.9 0 96-43.1 96-96s-43.1-96-96-96zm0-256c17.7 0 32 14.3 32 32s-14.3 32-32 32-32-14.3-32-32 14.3-32 32-32zM96 256c-53 0-96 43-96 96s96 160 96 160 96-107 96-160-43-96-96-96zm0 128c-17.7 0-32-14.3-32-32s14.3-32 32-32 32 14.3 32 32-14.3 32-32 32z"
                    />
                  </svg>
                  <h2
                    class="text-center text-green-600 m-1.5 uppercase"
                  >
                    Seguidor de Linha
                  </h2>
                  <h4
                    class="text-center text-green-100 p-2 pt-1"
                  >
                    IRON CUP
                  </h4>
                  <p
                    class="text-sm max-w-xs pt-1.5 text-justify text-center text-gray-400"
                  >
                    É uma categoria que tem o objetivo de desenvolver robôs autônomos que percorrem um percurso no menor tempo possível. O robô possui sensor de reflectância para poder identificar o trajeto delimitado por uma fita.
                  </p>
                </div>
              </div>
            </div>
            <div
              class="awssld__box"
            />
          </div>
          <div
            class="awssld__controls awssld__controls--hidden"
          >
            <button
              aria-label="next"
              class="awssld__next"
            />
            <button
              aria-label="previous"
              class="awssld__prev"
            />
          </div>
        </div>
        <nav
          class="awssld__bullets"
        >
          <button
            class="awssld__bullets--active"
            data-index="0"
          >
            0
          </button>
          <button
            data-index="1"
          >
            1
          </button>
        </nav>
      </div>
      <div
        class="awssld h-96 w-32 m-auto md:mx-5 mb-7 mt-5"
      >
        <div
          class="awssld__wrapper"
        >
          <div
            class="awssld__container"
          >
            <div
              class="awssld__box awssld--active"
            >
              <div
                class="awssld__content"
              >
                <div
                  class="p-2 m-2 absolute flex flex-col justify-center items-center"
                >
                  <svg
                    aria-hidden="true"
                    class="h-16 w-16 text-green-600 mx-auto m-2"
                    fill="currentColor"
                    height="1em"
                    stroke="currentColor"
                    stroke-width="0"
                    viewBox="0 0 496 512"
                    width="1em"
                    xmlns="http://www.w3.org/2000/svg"
                  >
                    <path
                      d="M368.5 363.9l28.8-13.9c11.1 22.9 26 43.2 44.1 60.9 34-42.5 54.5-96.3 54.5-154.9 0-58.5-20.4-112.2-54.2-154.6-17.8 17.3-32.6 37.1-43.6 59.5l-28.7-14.1c12.8-26 30-49 50.8-69C375.6 34.7 315 8 248 8 181.1 8 120.5 34.6 75.9 77.7c20.7 19.9 37.9 42.9 50.7 68.8l-28.7 14.1c-11-22.3-25.7-42.1-43.5-59.4C20.4 143.7 0 197.4 0 256c0 58.6 20.4 112.3 54.4 154.7 18.2-17.7 33.2-38 44.3-61l28.8 13.9c-12.9 26.7-30.3 50.3-51.5 70.7 44.5 43.1 105.1 69.7 172 69.7 66.8 0 127.3-26.5 171.9-69.5-21.1-20.4-38.5-43.9-51.4-70.6zm-228.3-32l-30.5-9.8c14.9-46.4 12.7-93.8-.6-134l30.4-10c15 45.6 18 99.9.7 153.8zm216.3-153.4l30.4 10c-13.2 40.1-15.5 87.5-.6 134l-30.5 9.8c-17.3-54-14.3-108.3.7-153.8z"
                    />
                  </svg>
                  <h2
                    class="text-center text-green-600 m-1.5 uppercase"
                  >
                    Simulação 2D
                  </h2>
                  <h4
                    class="text-center text-green-100 p-2 pt-1"
                  >
                    ROBOCUP | LARC | IRON CUP
                  </h4>
                  <p
                    class="text-sm max-w-xs pt-1.5 text-justify text-center text-gray-400"
                  >
                    Duas equipes de onze agentes autônomos jogam futebol em um estádio virtual 2D representado por um servidor central, o qual sabe tudo sobre o jogo, como, a posição atual de todos os jogadores e da bola.
                  </p>
                </div>
              </div>
            </div>
            <div
              class="awssld__box"
            />
          </div>
          <div
            class="awssld__controls awssld__controls--hidden"
          >
            <button
              aria-label="next"
              class="awssld__next"
            />
            <button
              aria-label="previous"
              class="awssld__prev"
            />
          </div>
        </div>
        <nav
          class="awssld__bullets"
        >
          <button
            class="awssld__bullets--active"
            data-index="0"
          >
            0
          </button>
          <button
            data-index="1"
          >
            1
          </button>
        </nav>
      </div>
      <div
        class="awssld h-96 w-32 m-auto md:mx-5 mb-7 mt-5"
      >
        <div
          class="awssld__wrapper"
        >
          <div
            class="awssld__container"
          >
            <div
              class="awssld__box awssld--active"
            >
              <div
                class="awssld__content"
              >
                <div
                  class="p-2 m-2 absolute flex flex-col justify-center items-center"
                >
                  <svg
                    aria-hidden="true"
                    class="h-16 w-16 text-green-600 mx-auto m-2"
                    fill="currentColor"
                    height="1em"
                    stroke="currentColor"
                    stroke-width="0"
                    viewBox="0 0 496 512"
                    width="1em"
                    xmlns="http://www.w3.org/2000/svg"
                  >
                    <path
                      d="M212.3 10.3c-43.8 6.3-86.2 24.1-122.2 53.8l77.4 77.4c27.8-35.8 43.3-81.2 44.8-131.2zM248 222L405.9 64.1c-42.4-35-93.6-53.5-145.5-56.1-1.2 63.9-21.5 122.3-58.7 167.7L248 222zM56.1 98.1c-29.7 36-47.5 78.4-53.8 122.2 50-1.5 95.5-17 131.2-44.8L56.1 98.1zm272.2 204.2c45.3-37.1 103.7-57.4 167.7-58.7-2.6-51.9-21.1-103.1-56.1-145.5L282 256l46.3 46.3zM248 290L90.1 447.9c42.4 34.9 93.6 53.5 145.5 56.1 1.3-64 21.6-122.4 58.7-167.7L248 290zm191.9 123.9c29.7-36 47.5-78.4 53.8-122.2-50.1 1.6-95.5 17.1-131.2 44.8l77.4 77.4zM167.7 209.7C122.3 246.9 63.9 267.3 0 268.4c2.6 51.9 21.1 103.1 56.1 145.5L214 256l-46.3-46.3zm116 292c43.8-6.3 86.2-24.1 122.2-53.8l-77.4-77.4c-27.7 35.7-43.2 81.2-44.8 131.2z"
                    />
                  </svg>
                  <h2
                    class="text-center text-green-600 m-1.5 uppercase"
                  >
                    Very Small Size Soccer
                  </h2>
                  <h4
                    class="text-center text-green-100 p-2 pt-1"
                  >
                    LARC | IRON CUP
                  </h4>
                  <p
                    class="text-sm max-w-xs pt-1.5 text-justify text-center text-gray-400"
                  >
                    É uma competição que requer desenvolvimento em visão computacional para detectar informações sobre a situação do jogo, IA para planejar os movimentos dos robôs, e robótica para criar agentes que se movem em campo.
                  </p>
                </div>
              </div>
            </div>
            <div
              class="awssld__box"
            />
          </div>
          <div
            class="awssld__controls awssld__controls--hidden"
          >
            <button
              aria-label="next"
              class="awssld__next"
            />
            <button
              aria-label="previous"
              class="awssld__prev"
            />
          </div>
        </div>
        <nav
          class="awssld__bullets"
        >
          <button
            class="awssld__bullets--active"
            data-index="0"
          >
            0
          </button>
          <button
            data-index="1"
          >
            1
          </button>
        </nav>
      </div>
    </div>
  </section>
</div>
`;
